Information: Timer using 8 threads
Information: RDE mode is turned on. (TIM-124)
****************************************
Report : qor
        -summary
Design : bslice
Version: S-2021.06-SP5-1
Date   : Fri Jan  5 20:39:28 2024
****************************************
Information: Corner ss_Cmax_125c: no PVT mismatches. (PVT-032)
Information: Corner ss_Cmax_m40c: no PVT mismatches. (PVT-032)
Information: The stitching and editing of coupling caps is turned ON for design 'bslice_routeOpt.nlib:bslice.design'. (TIM-125)
Information: Design bslice has 103469 nets, 0 global routed, 103465 detail routed. (NEX-024)
Information: The RC mode used is DR for design 'bslice'. (NEX-022)
---extraction options---
Corner: ss_Cmax_125c
 late_cap_scale                : 1
 late_res_scale                : 1
 late_ccap_scale               : 1
 late_rde_cap_scale            : 1
 late_rde_res_scale            : 1
 early_cap_scale               : 1
 early_res_scale               : 1
 early_ccap_scale              : 1
 early_rde_cap_scale           : 1
 early_rde_res_scale           : 1
Corner: ss_Cmax_m40c
 late_cap_scale                : 1
 late_res_scale                : 1
 late_ccap_scale               : 1
 late_rde_cap_scale            : 1
 late_rde_res_scale            : 1
 early_cap_scale               : 1
 early_res_scale               : 1
 early_ccap_scale              : 1
 early_rde_cap_scale           : 1
 early_rde_res_scale           : 1
Global options:
 late_ccap_threshold       : 3 fF
 late_ccap_ratio           : 0.03
 reference_direction       : use_from_tluplus
 real_metalfill_extraction : none
 virtual_shield_extraction : true
---app options---
 host.max_cores                   : 8
 extract.connect_open           : true
 extract.incremental_extraction : true
 extract.enable_coupling_cap    : true
Extracting design: bslice 
Information: coupling capacitance is created explicitly. (NEX-029)
Information: 103465 nets are successfully extracted. (NEX-028)
Information: Design Average RC for design bslice  (NEX-011)
Information: r = 1.122978 ohm/um, via_r = 0.500000 ohm/cut, c = 0.084982 ff/um, cc = 0.000000 ff/um (X dir) (NEX-017)
Information: r = 1.432431 ohm/um, via_r = 0.500000 ohm/cut, c = 0.099298 ff/um, cc = 0.000000 ff/um (Y dir) (NEX-017)
Warning: Advanced receiver model has not been enabled for detailed routed design. (TIM-204)
Information: Update timing completed net estimation for all the timing graph nets (TIM-111)
Information: Net estimation statistics: timing graph nets = 103466, routed nets = 103465, across physical hierarchy nets = 0, parasitics cached nets = 103466, delay annotated nets = 0, parasitics annotated nets = 0, multi-voltage nets = 0. (TIM-112)
************************************************************
Timer Settings:
Delay Calculation Style:                   auto
Signal Integrity Analysis:                 enabled
Timing Window Analysis:                    enabled
Advanced Waveform Propagation:             disabled
Variation Type:                            fixed_derate
Clock Reconvergence Pessimism Removal:     enabled
Advanced Receiver Model:                   disabled
ML Acceleration:                           off
************************************************************
Information: Timer using 'SI, Timing Window Analysis, CRPR'. (TIM-050)

Timing
---------------------------------------------------------------------------
Context                                 WNS            TNS            NVE
---------------------------------------------------------------------------
ss_Cmax_125c_func  (Setup)            -0.66         -49.01            299
ss_Cmax_m40c_func  (Setup)            -0.30         -85.75            756
ss_Cmax_m40c_test  (Setup)            -0.30         -85.75            756
Design             (Setup)            -0.66        -111.99            836

ss_Cmax_125c_func  (Hold)             -0.02          -0.02              1
ss_Cmax_m40c_func  (Hold)              0.06           0.00              0
ss_Cmax_m40c_test  (Hold)              0.06           0.00              0
Design             (Hold)             -0.02          -0.02              1
---------------------------------------------------------------------------

Miscellaneous
---------------------------------------------------------------------------
Cell Area (netlist):                         493494.65
Cell Area (netlist and physical only):       496562.17
Nets with DRC Violations:      692
1
