****************************************
Report : qor
        -summary
Design : bslice
Version: S-2021.06-SP5-1
Date   : Thu Jan  4 17:38:20 2024
****************************************

Timing
---------------------------------------------------------------------------
Context                                 WNS            TNS            NVE
---------------------------------------------------------------------------
ss_Cmax_125c_func  (Setup)            -0.00          -0.00              2
ss_Cmax_m40c_func  (Setup)            -0.02          -0.11             19
ss_Cmax_m40c_test  (Setup)            -0.02          -0.11             19
Design             (Setup)            -0.02          -0.12             21

Design             (Hold)                --           0.00              0
---------------------------------------------------------------------------

Miscellaneous
---------------------------------------------------------------------------
Cell Area (netlist):                         496261.01
Cell Area (netlist and physical only):       499328.52
Nets with DRC Violations:       37
1
