****************************************
Report : threshold_voltage_group
Design : bslice
Version: S-2021.06-SP5-1
Date   : Thu Jan  4 17:38:20 2024
****************************************

Cell Count Report
-----------------------------------------------------------------------------------------------------------------------------------------------------------------------------------------

Group Names                      All (%)       Repeaters (%)   Combinational (%)       Registers (%)     Sequentials (%)   Clock_network (%)           Macro (%)   Physical_only (%)
-----------------------------------------------------------------------------------------------------------------------------------------------------------------------------------------
high_vt                  12571  (13.20%)      5725   (6.01%)      4417   (4.64%)        11   (0.01%)         0   (0.00%)         4   (0.00%)         0   (0.00%)      2414   (2.53%)
low_vt                   48859  (51.31%)      4817   (5.06%)     43158  (45.32%)       884   (0.93%)         0   (0.00%)         0   (0.00%)         0   (0.00%)         0   (0.00%)
normal_vt                33786  (35.48%)      3458   (3.63%)     29164  (30.62%)      1162   (1.22%)         0   (0.00%)         2   (0.00%)         0   (0.00%)         0   (0.00%)
saed32cell_svt              16   (0.02%)         0   (0.00%)         0   (0.00%)         0   (0.00%)         0   (0.00%)         0   (0.00%)        16   (0.02%)         0   (0.00%)
-----------------------------------------------------------------------------------------------------------------------------------------------------------------------------------------
Total                    95232 (100.00%)     14000  (14.70%)     76739  (80.58%)      2057   (2.16%)         0   (0.00%)         6   (0.01%)        16   (0.02%)      2414   (2.53%)
Low vth groups               0   (0.00%)         0   (0.00%)         0   (0.00%)         0   (0.00%)         0   (0.00%)         0   (0.00%)         0   (0.00%)         0   (0.00%)
-----------------------------------------------------------------------------------------------------------------------------------------------------------------------------------------


Cell Area Report
-----------------------------------------------------------------------------------------------------------------------------------------------------------------------------------------

Group Names                      All (%)       Repeaters (%)   Combinational (%)       Registers (%)     Sequentials (%)   Clock_network (%)           Macro (%)   Physical_only (%)
-----------------------------------------------------------------------------------------------------------------------------------------------------------------------------------------
high_vt               41508.07   (8.31%)  11171.41   (2.24%)  27122.50   (5.43%)    123.26   (0.02%)      0.00   (0.00%)     23.38   (0.00%)      0.00   (0.00%)   3067.52   (0.61%)
low_vt               196031.43  (39.26%)  19150.77   (3.84%) 168934.60  (33.83%)   7946.07   (1.59%)      0.00   (0.00%)      0.00   (0.00%)      0.00   (0.00%)      0.00   (0.00%)
normal_vt            109339.36  (21.90%)   8207.83   (1.64%)  91008.97  (18.23%)  10118.49   (2.03%)      0.00   (0.00%)      4.07   (0.00%)      0.00   (0.00%)      0.00   (0.00%)
saed32cell_svt       152449.66  (30.53%)      0.00   (0.00%)      0.00   (0.00%)      0.00   (0.00%)      0.00   (0.00%)      0.00   (0.00%) 152449.66  (30.53%)      0.00   (0.00%)
-----------------------------------------------------------------------------------------------------------------------------------------------------------------------------------------
Total                499328.52 (100.00%)  38530.01   (7.72%) 287066.07  (57.49%)  18187.82   (3.64%)      0.00   (0.00%)     27.45   (0.01%) 152449.66  (30.53%)   3067.52   (0.61%)
Low vth groups            0.00   (0.00%)      0.00   (0.00%)      0.00   (0.00%)      0.00   (0.00%)      0.00   (0.00%)      0.00   (0.00%)      0.00   (0.00%)      0.00   (0.00%)
-----------------------------------------------------------------------------------------------------------------------------------------------------------------------------------------

Legend
L:		Low Vth group specified by user
1
